[INFO] Scanning for projects...
[INFO] 
[INFO] ---------------------< com.callanga:task-manager >----------------------
[INFO] Building task-manager 0.0.1-SNAPSHOT
[INFO]   from pom.xml
[INFO] --------------------------------[ jar ]---------------------------------
[INFO] 
[INFO] --- clean:3.4.0:clean (default-clean) @ task-manager ---
[INFO] Deleting C:\Users\MY PC\Desktop\task-manager\target
[INFO] 
[INFO] --- resources:3.3.1:resources (default-resources) @ task-manager ---
[INFO] Copying 1 resource from src\main\resources to target\classes
[INFO] Copying 0 resource from src\main\resources to target\classes
[INFO] 
[INFO] --- compiler:3.13.0:compile (default-compile) @ task-manager ---
[INFO] Recompiling the module because of changed source code.
[INFO] Compiling 11 source files with javac [debug parameters release 21] to target\classes
[INFO] -------------------------------------------------------------
[ERROR] COMPILATION ERROR : 
[INFO] -------------------------------------------------------------
[ERROR] /C:/Users/MY PC/Desktop/task-manager/src/main/java/com/callanga/task_manager/controller/TaskController.java:[22,31] variable taskService not initialized in the default constructor
[ERROR] /C:/Users/MY PC/Desktop/task-manager/src/main/java/com/callanga/task_manager/service/TaskService.java:[31,25] cannot find symbol
  symbol:   method builder()
  location: class com.callanga.task_manager.entity.Task
[ERROR] /C:/Users/MY PC/Desktop/task-manager/src/main/java/com/callanga/task_manager/service/TaskService.java:[32,31] cannot find symbol
  symbol:   method getTitle()
  location: variable request of type com.callanga.task_manager.dto.TaskRequest
[ERROR] /C:/Users/MY PC/Desktop/task-manager/src/main/java/com/callanga/task_manager/service/TaskService.java:[33,37] cannot find symbol
  symbol:   method getDescription()
  location: variable request of type com.callanga.task_manager.dto.TaskRequest
[ERROR] /C:/Users/MY PC/Desktop/task-manager/src/main/java/com/callanga/task_manager/service/TaskService.java:[34,32] cannot find symbol
  symbol:   method getStatus()
  location: variable request of type com.callanga.task_manager.dto.TaskRequest
[ERROR] /C:/Users/MY PC/Desktop/task-manager/src/main/java/com/callanga/task_manager/service/TaskService.java:[34,62] cannot find symbol
  symbol:   method getStatus()
  location: variable request of type com.callanga.task_manager.dto.TaskRequest
[ERROR] /C:/Users/MY PC/Desktop/task-manager/src/main/java/com/callanga/task_manager/service/TaskService.java:[35,34] cannot find symbol
  symbol:   method getPriority()
  location: variable request of type com.callanga.task_manager.dto.TaskRequest
[ERROR] /C:/Users/MY PC/Desktop/task-manager/src/main/java/com/callanga/task_manager/service/TaskService.java:[35,66] cannot find symbol
  symbol:   method getPriority()
  location: variable request of type com.callanga.task_manager.dto.TaskRequest
[ERROR] /C:/Users/MY PC/Desktop/task-manager/src/main/java/com/callanga/task_manager/service/TaskService.java:[36,33] cannot find symbol
  symbol:   method getDueDate()
  location: variable request of type com.callanga.task_manager.dto.TaskRequest
[ERROR] /C:/Users/MY PC/Desktop/task-manager/src/main/java/com/callanga/task_manager/service/TaskService.java:[70,38] cannot find symbol
  symbol:   method getTitle()
  location: variable request of type com.callanga.task_manager.dto.TaskRequest
[ERROR] /C:/Users/MY PC/Desktop/task-manager/src/main/java/com/callanga/task_manager/service/TaskService.java:[71,44] cannot find symbol
  symbol:   method getDescription()
  location: variable request of type com.callanga.task_manager.dto.TaskRequest
[ERROR] /C:/Users/MY PC/Desktop/task-manager/src/main/java/com/callanga/task_manager/service/TaskService.java:[73,20] cannot find symbol
  symbol:   method getStatus()
  location: variable request of type com.callanga.task_manager.dto.TaskRequest
[ERROR] /C:/Users/MY PC/Desktop/task-manager/src/main/java/com/callanga/task_manager/service/TaskService.java:[74,43] cannot find symbol
  symbol:   method getStatus()
  location: variable request of type com.callanga.task_manager.dto.TaskRequest
[ERROR] /C:/Users/MY PC/Desktop/task-manager/src/main/java/com/callanga/task_manager/service/TaskService.java:[76,20] cannot find symbol
  symbol:   method getPriority()
  location: variable request of type com.callanga.task_manager.dto.TaskRequest
[ERROR] /C:/Users/MY PC/Desktop/task-manager/src/main/java/com/callanga/task_manager/service/TaskService.java:[77,45] cannot find symbol
  symbol:   method getPriority()
  location: variable request of type com.callanga.task_manager.dto.TaskRequest
[ERROR] /C:/Users/MY PC/Desktop/task-manager/src/main/java/com/callanga/task_manager/service/TaskService.java:[79,40] cannot find symbol
  symbol:   method getDueDate()
  location: variable request of type com.callanga.task_manager.dto.TaskRequest
[ERROR] /C:/Users/MY PC/Desktop/task-manager/src/main/java/com/callanga/task_manager/dto/TaskResponse.java:[36,28] cannot find symbol
  symbol:   method builder()
  location: class com.callanga.task_manager.dto.TaskResponse
[ERROR] /C:/Users/MY PC/Desktop/task-manager/src/main/java/com/callanga/task_manager/dto/TaskResponse.java:[37,25] cannot find symbol
  symbol:   method getId()
  location: variable task of type com.callanga.task_manager.entity.Task
[ERROR] /C:/Users/MY PC/Desktop/task-manager/src/main/java/com/callanga/task_manager/dto/TaskResponse.java:[38,28] cannot find symbol
  symbol:   method getTitle()
  location: variable task of type com.callanga.task_manager.entity.Task
[ERROR] /C:/Users/MY PC/Desktop/task-manager/src/main/java/com/callanga/task_manager/dto/TaskResponse.java:[39,34] cannot find symbol
  symbol:   method getDescription()
  location: variable task of type com.callanga.task_manager.entity.Task
[ERROR] /C:/Users/MY PC/Desktop/task-manager/src/main/java/com/callanga/task_manager/dto/TaskResponse.java:[40,29] cannot find symbol
  symbol:   method getStatus()
  location: variable task of type com.callanga.task_manager.entity.Task
[ERROR] /C:/Users/MY PC/Desktop/task-manager/src/main/java/com/callanga/task_manager/dto/TaskResponse.java:[41,31] cannot find symbol
  symbol:   method getPriority()
  location: variable task of type com.callanga.task_manager.entity.Task
[ERROR] /C:/Users/MY PC/Desktop/task-manager/src/main/java/com/callanga/task_manager/dto/TaskResponse.java:[42,30] cannot find symbol
  symbol:   method getDueDate()
  location: variable task of type com.callanga.task_manager.entity.Task
[ERROR] /C:/Users/MY PC/Desktop/task-manager/src/main/java/com/callanga/task_manager/dto/TaskResponse.java:[43,32] cannot find symbol
  symbol:   method getCreatedAt()
  location: variable task of type com.callanga.task_manager.entity.Task
[ERROR] /C:/Users/MY PC/Desktop/task-manager/src/main/java/com/callanga/task_manager/dto/TaskResponse.java:[44,32] cannot find symbol
  symbol:   method getUpdatedAt()
  location: variable task of type com.callanga.task_manager.entity.Task
[ERROR] /C:/Users/MY PC/Desktop/task-manager/src/main/java/com/callanga/task_manager/exception/GlobalExceptionHandler.java:[33,31] constructor ErrorResponse in class com.callanga.task_manager.exception.GlobalExceptionHandler.ErrorResponse cannot be applied to given types;
  required: no arguments
  found:    java.time.LocalDateTime,int,java.lang.String,java.lang.String
  reason: actual and formal argument lists differ in length
[ERROR] /C:/Users/MY PC/Desktop/task-manager/src/main/java/com/callanga/task_manager/exception/GlobalExceptionHandler.java:[62,31] constructor ErrorResponse in class com.callanga.task_manager.exception.GlobalExceptionHandler.ErrorResponse cannot be applied to given types;
  required: no arguments
  found:    java.time.LocalDateTime,int,java.lang.String,java.lang.String
  reason: actual and formal argument lists differ in length
[INFO] 27 errors 
[INFO] -------------------------------------------------------------
[INFO] ------------------------------------------------------------------------
[INFO] BUILD FAILURE
[INFO] ------------------------------------------------------------------------
[INFO] Total time:  1.864 s
[INFO] Finished at: 2025-12-23T22:57:47+08:00
[INFO] ------------------------------------------------------------------------
[ERROR] Failed to execute goal org.apache.maven.plugins:maven-compiler-plugin:3.13.0:compile (default-compile) on project task-manager: Compilation failure: Compilation failure: 
[ERROR] /C:/Users/MY PC/Desktop/task-manager/src/main/java/com/callanga/task_manager/controller/TaskController.java:[22,31] variable taskService not initialized in the default constructor
[ERROR] /C:/Users/MY PC/Desktop/task-manager/src/main/java/com/callanga/task_manager/service/TaskService.java:[31,25] cannot find symbol
[ERROR]   symbol:   method builder()
[ERROR]   location: class com.callanga.task_manager.entity.Task
[ERROR] /C:/Users/MY PC/Desktop/task-manager/src/main/java/com/callanga/task_manager/service/TaskService.java:[32,31] cannot find symbol
[ERROR]   symbol:   method getTitle()
[ERROR]   location: variable request of type com.callanga.task_manager.dto.TaskRequest
[ERROR] /C:/Users/MY PC/Desktop/task-manager/src/main/java/com/callanga/task_manager/service/TaskService.java:[33,37] cannot find symbol
[ERROR]   symbol:   method getDescription()
[ERROR]   location: variable request of type com.callanga.task_manager.dto.TaskRequest
[ERROR] /C:/Users/MY PC/Desktop/task-manager/src/main/java/com/callanga/task_manager/service/TaskService.java:[34,32] cannot find symbol
[ERROR]   symbol:   method getStatus()
[ERROR]   location: variable request of type com.callanga.task_manager.dto.TaskRequest
[ERROR] /C:/Users/MY PC/Desktop/task-manager/src/main/java/com/callanga/task_manager/service/TaskService.java:[34,62] cannot find symbol
[ERROR]   symbol:   method getStatus()
[ERROR]   location: variable request of type com.callanga.task_manager.dto.TaskRequest
[ERROR] /C:/Users/MY PC/Desktop/task-manager/src/main/java/com/callanga/task_manager/service/TaskService.java:[35,34] cannot find symbol
[ERROR]   symbol:   method getPriority()
[ERROR]   location: variable request of type com.callanga.task_manager.dto.TaskRequest
[ERROR] /C:/Users/MY PC/Desktop/task-manager/src/main/java/com/callanga/task_manager/service/TaskService.java:[35,66] cannot find symbol
[ERROR]   symbol:   method getPriority()
[ERROR]   location: variable request of type com.callanga.task_manager.dto.TaskRequest
[ERROR] /C:/Users/MY PC/Desktop/task-manager/src/main/java/com/callanga/task_manager/service/TaskService.java:[36,33] cannot find symbol
[ERROR]   symbol:   method getDueDate()
[ERROR]   location: variable request of type com.callanga.task_manager.dto.TaskRequest
[ERROR] /C:/Users/MY PC/Desktop/task-manager/src/main/java/com/callanga/task_manager/service/TaskService.java:[70,38] cannot find symbol
[ERROR]   symbol:   method getTitle()
[ERROR]   location: variable request of type com.callanga.task_manager.dto.TaskRequest
[ERROR] /C:/Users/MY PC/Desktop/task-manager/src/main/java/com/callanga/task_manager/service/TaskService.java:[71,44] cannot find symbol
[ERROR]   symbol:   method getDescription()
[ERROR]   location: variable request of type com.callanga.task_manager.dto.TaskRequest
[ERROR] /C:/Users/MY PC/Desktop/task-manager/src/main/java/com/callanga/task_manager/service/TaskService.java:[73,20] cannot find symbol
[ERROR]   symbol:   method getStatus()
[ERROR]   location: variable request of type com.callanga.task_manager.dto.TaskRequest
[ERROR] /C:/Users/MY PC/Desktop/task-manager/src/main/java/com/callanga/task_manager/service/TaskService.java:[74,43] cannot find symbol
[ERROR]   symbol:   method getStatus()
[ERROR]   location: variable request of type com.callanga.task_manager.dto.TaskRequest
[ERROR] /C:/Users/MY PC/Desktop/task-manager/src/main/java/com/callanga/task_manager/service/TaskService.java:[76,20] cannot find symbol
[ERROR]   symbol:   method getPriority()
[ERROR]   location: variable request of type com.callanga.task_manager.dto.TaskRequest
[ERROR] /C:/Users/MY PC/Desktop/task-manager/src/main/java/com/callanga/task_manager/service/TaskService.java:[77,45] cannot find symbol
[ERROR]   symbol:   method getPriority()
[ERROR]   location: variable request of type com.callanga.task_manager.dto.TaskRequest
[ERROR] /C:/Users/MY PC/Desktop/task-manager/src/main/java/com/callanga/task_manager/service/TaskService.java:[79,40] cannot find symbol
[ERROR]   symbol:   method getDueDate()
[ERROR]   location: variable request of type com.callanga.task_manager.dto.TaskRequest
[ERROR] /C:/Users/MY PC/Desktop/task-manager/src/main/java/com/callanga/task_manager/dto/TaskResponse.java:[36,28] cannot find symbol
[ERROR]   symbol:   method builder()
[ERROR]   location: class com.callanga.task_manager.dto.TaskResponse
[ERROR] /C:/Users/MY PC/Desktop/task-manager/src/main/java/com/callanga/task_manager/dto/TaskResponse.java:[37,25] cannot find symbol
[ERROR]   symbol:   method getId()
[ERROR]   location: variable task of type com.callanga.task_manager.entity.Task
[ERROR] /C:/Users/MY PC/Desktop/task-manager/src/main/java/com/callanga/task_manager/dto/TaskResponse.java:[38,28] cannot find symbol
[ERROR]   symbol:   method getTitle()
[ERROR]   location: variable task of type com.callanga.task_manager.entity.Task
[ERROR] /C:/Users/MY PC/Desktop/task-manager/src/main/java/com/callanga/task_manager/dto/TaskResponse.java:[39,34] cannot find symbol
[ERROR]   symbol:   method getDescription()
[ERROR]   location: variable task of type com.callanga.task_manager.entity.Task
[ERROR] /C:/Users/MY PC/Desktop/task-manager/src/main/java/com/callanga/task_manager/dto/TaskResponse.java:[40,29] cannot find symbol
[ERROR]   symbol:   method getStatus()
[ERROR]   location: variable task of type com.callanga.task_manager.entity.Task
[ERROR] /C:/Users/MY PC/Desktop/task-manager/src/main/java/com/callanga/task_manager/dto/TaskResponse.java:[41,31] cannot find symbol
[ERROR]   symbol:   method getPriority()
[ERROR]   location: variable task of type com.callanga.task_manager.entity.Task
[ERROR] /C:/Users/MY PC/Desktop/task-manager/src/main/java/com/callanga/task_manager/dto/TaskResponse.java:[42,30] cannot find symbol
[ERROR]   symbol:   method getDueDate()
[ERROR]   location: variable task of type com.callanga.task_manager.entity.Task
[ERROR] /C:/Users/MY PC/Desktop/task-manager/src/main/java/com/callanga/task_manager/dto/TaskResponse.java:[43,32] cannot find symbol
[ERROR]   symbol:   method getCreatedAt()
[ERROR]   location: variable task of type com.callanga.task_manager.entity.Task
[ERROR] /C:/Users/MY PC/Desktop/task-manager/src/main/java/com/callanga/task_manager/dto/TaskResponse.java:[44,32] cannot find symbol
[ERROR]   symbol:   method getUpdatedAt()
[ERROR]   location: variable task of type com.callanga.task_manager.entity.Task
[ERROR] /C:/Users/MY PC/Desktop/task-manager/src/main/java/com/callanga/task_manager/exception/GlobalExceptionHandler.java:[33,31] constructor ErrorResponse in class com.callanga.task_manager.exception.GlobalExceptionHandler.ErrorResponse cannot be applied to given types;
[ERROR]   required: no arguments
[ERROR]   found:    java.time.LocalDateTime,int,java.lang.String,java.lang.String
[ERROR]   reason: actual and formal argument lists differ in length
[ERROR] /C:/Users/MY PC/Desktop/task-manager/src/main/java/com/callanga/task_manager/exception/GlobalExceptionHandler.java:[62,31] constructor ErrorResponse in class com.callanga.task_manager.exception.GlobalExceptionHandler.ErrorResponse cannot be applied to given types;
[ERROR]   required: no arguments
[ERROR]   found:    java.time.LocalDateTime,int,java.lang.String,java.lang.String
[ERROR]   reason: actual and formal argument lists differ in length
[ERROR] -> [Help 1]
[ERROR] 
[ERROR] To see the full stack trace of the errors, re-run Maven with the -e switch.
[ERROR] Re-run Maven using the -X switch to enable full debug logging.
[ERROR] 
[ERROR] For more information about the errors and possible solutions, please read the following articles:
[ERROR] [Help 1] http://cwiki.apache.org/confluence/display/MAVEN/MojoFailureException
